// Jest Snapshot v1, https://goo.gl/fbAQLP

exports[`CartUnit check component increment and decrement amount in position 1`] = `<DocumentFragment />`;

exports[`CartUnit create snapshot 1`] = `
<CartUnit
  singleOrder={
    Object {
      "amount": 5,
      "name": "Spaghetti",
      "price": 6.2,
    }
  }
  slug="anyRestaurant"
/>
`;
